// Jest Snapshot v1, https://goo.gl/fbAQLP

exports[`PhotoGrid Component renders correctly 1`] = `
ShallowWrapper {
  "length": 1,
  Symbol(enzyme.__root__): [Circular],
  Symbol(enzyme.__unrendered__): <PhotoGrid
    photos={
        Array [
            Object {},
          ]
    }
/>,
  Symbol(enzyme.__renderer__): Object {
    "batchedUpdates": [Function],
    "getNode": [Function],
    "render": [Function],
    "simulateEvent": [Function],
    "unmount": [Function],
  },
  Symbol(enzyme.__node__): Object {
    "instance": null,
    "key": undefined,
    "nodeType": "host",
    "props": Object {
      "children": Array [
        <Header
          as="h1"
          className="photo-grid-header"
          textAlign="center"
>
          Unsplashgram
</Header>,
        <Grid
          className="photo-grid"
          columns={3}
>
          <GridColumn
                    className="photo-grid-column"
          >
                    <Photo
                              photo={Object {}}
                              renderSmall={true}
                    />
          </GridColumn>
</Grid>,
      ],
    },
    "ref": null,
    "rendered": Array [
      Object {
        "instance": null,
        "key": undefined,
        "nodeType": "function",
        "props": Object {
          "as": "h1",
          "children": "Unsplashgram",
          "className": "photo-grid-header",
          "textAlign": "center",
        },
        "ref": null,
        "rendered": "Unsplashgram",
        "type": [Function],
      },
      Object {
        "instance": null,
        "key": undefined,
        "nodeType": "function",
        "props": Object {
          "children": Array [
            <GridColumn
              className="photo-grid-column"
>
              <Photo
                            photo={Object {}}
                            renderSmall={true}
              />
</GridColumn>,
          ],
          "className": "photo-grid",
          "columns": 3,
        },
        "ref": null,
        "rendered": Array [
          Object {
            "instance": null,
            "key": "0",
            "nodeType": "function",
            "props": Object {
              "children": <Photo
                photo={Object {}}
                renderSmall={true}
/>,
              "className": "photo-grid-column",
            },
            "ref": null,
            "rendered": Object {
              "instance": null,
              "key": undefined,
              "nodeType": "function",
              "props": Object {
                "photo": Object {},
                "renderSmall": true,
              },
              "ref": null,
              "rendered": null,
              "type": [Function],
            },
            "type": [Function],
          },
        ],
        "type": [Function],
      },
    ],
    "type": "div",
  },
  Symbol(enzyme.__nodes__): Array [
    Object {
      "instance": null,
      "key": undefined,
      "nodeType": "host",
      "props": Object {
        "children": Array [
          <Header
            as="h1"
            className="photo-grid-header"
            textAlign="center"
>
            Unsplashgram
</Header>,
          <Grid
            className="photo-grid"
            columns={3}
>
            <GridColumn
                        className="photo-grid-column"
            >
                        <Photo
                                    photo={Object {}}
                                    renderSmall={true}
                        />
            </GridColumn>
</Grid>,
        ],
      },
      "ref": null,
      "rendered": Array [
        Object {
          "instance": null,
          "key": undefined,
          "nodeType": "function",
          "props": Object {
            "as": "h1",
            "children": "Unsplashgram",
            "className": "photo-grid-header",
            "textAlign": "center",
          },
          "ref": null,
          "rendered": "Unsplashgram",
          "type": [Function],
        },
        Object {
          "instance": null,
          "key": undefined,
          "nodeType": "function",
          "props": Object {
            "children": Array [
              <GridColumn
                className="photo-grid-column"
>
                <Photo
                                photo={Object {}}
                                renderSmall={true}
                />
</GridColumn>,
            ],
            "className": "photo-grid",
            "columns": 3,
          },
          "ref": null,
          "rendered": Array [
            Object {
              "instance": null,
              "key": "0",
              "nodeType": "function",
              "props": Object {
                "children": <Photo
                  photo={Object {}}
                  renderSmall={true}
/>,
                "className": "photo-grid-column",
              },
              "ref": null,
              "rendered": Object {
                "instance": null,
                "key": undefined,
                "nodeType": "function",
                "props": Object {
                  "photo": Object {},
                  "renderSmall": true,
                },
                "ref": null,
                "rendered": null,
                "type": [Function],
              },
              "type": [Function],
            },
          ],
          "type": [Function],
        },
      ],
      "type": "div",
    },
  ],
  Symbol(enzyme.__options__): Object {
    "adapter": ReactSixteenAdapter {
      "options": Object {
        "enableComponentDidUpdateOnSetState": true,
      },
    },
  },
}
`;
